<testsuites name="jest tests" tests="6" failures="0" time="0.526">
  <testsuite name="Search Component" errors="0" failures="0" skipped="0" timestamp="2018-12-04T03:56:51" time="0.446" tests="5">
    <testcase classname="Search Component should render" name="Search Component should render" time="0.017">
    </testcase>
    <testcase classname="Search Component should render event name" name="Search Component should render event name" time="0.006">
    </testcase>
    <testcase classname="Search Component should render starts event date" name="Search Component should render starts event date" time="0.003">
    </testcase>
    <testcase classname="Search Component should render event place" name="Search Component should render event place" time="0.005">
    </testcase>
    <testcase classname="Search Component should render start event price" name="Search Component should render start event price" time="0.002">
    </testcase>
  </testsuite>
  <testsuite name="App" errors="0" failures="0" skipped="0" timestamp="2018-12-04T03:56:51" time="0.08" tests="1">
    <testcase classname="App should render" name="App should render" time="0.012">
    </testcase>
  </testsuite>
</testsuites>